[www.searchencrypt.com/home.html]
[backblue.gif]
[fade.gif]
[index.html]
[www.searchencrypt.com/dist/common.a2b505d48287a2f2cb1f.css]
[www.searchencrypt.com/dist/vendors_app.a2b505d48287a2f2cb1f.js]
[www.searchencrypt.com/dist/app.9b4f93d1aae095698e3d.js]
[www.searchencrypt.com/dist/common.9b4f93d1aae095698e3d.css]
[www.searchencrypt.com/dist/0.982e0450b49d8abaf808.js]
[www.searchencrypt.com/dist/18.ec609426b06bf9ffa818.js]
[www.searchencrypt.com/dist/19.6479cc107ab3ba9ef01d.js]
[www.searchencrypt.com/dist/2.edcc2bc030b07a65fa23.js]
[www.searchencrypt.com/dist/20.f4acb9e2342547818252.js]
[www.searchencrypt.com/dist/3.6b18681bf5fbb9facebb.js]
[www.searchencrypt.com/dist/56.a75a2f405cc831c620a3.js]
[www.searchencrypt.com/dist/57.04f63d9fa851eefa79ba.js]
[www.searchencrypt.com/dist/58.764db83e14d4276d5f9e.js]
[www.searchencrypt.com/dist/59.dcb71b4164a8f96f2a0c.js]
[www.searchencrypt.com/dist/60.0507f9a57f09d9404776.js]
[www.searchencrypt.com/dist/61.835fb06ce8f315ad69f5.js]
[www.searchencrypt.com/dist/62.3849b1302519f4e67a56.js]
[www.searchencrypt.com/dist/63.fabb27cc37bd6c416ef8.js]
[www.searchencrypt.com/dist/64.4d0afcd03a835bc9b8c5.js]
[www.searchencrypt.com/dist/65.d65ace640f1c7b7dc9bd.js]
[www.searchencrypt.com/dist/66.640f96fc456e01114fab.js]
[www.searchencrypt.com/dist/67.0d285d2b90aa99ff6d84.js]
[www.searchencrypt.com/dist/68.8fcadd7e8e40cd337cff.js]
[www.searchencrypt.com/dist/69.50d2e54e6c6206e21184.js]
[www.searchencrypt.com/dist/70.2f2ab96cb2401665e5ca.js]
[www.searchencrypt.com/dist/71.0022cc3788ff4520dd47.js]
[www.searchencrypt.com/dist/72.314e84032e8ee47fe03f.js]
[www.searchencrypt.com/dist/73.904e715ba2cadbc8d02d.js]
[www.searchencrypt.com/dist/notf-migrate-above-sponsored-vue.3327456d885b38b26cbd.js]
[www.searchencrypt.com/dist/notf-migrate-below-sponsored-vue.ea507e39ee09158191f7.js]
[www.searchencrypt.com/dist/notf-migrate-footer-vue.fa913de9dfa973182bc9.js]
[www.searchencrypt.com/dist/notf-migrate-modal-vue.3f030625ecd95ed3b98b.js]
[www.searchencrypt.com/dist/notf-migrate-top-pop-vue.775b6a85fa432de68856.js]
[www.searchencrypt.com/dist/notf-redirected-search-vue.bc8320df68210745d24c.js]
[www.searchencrypt.com/dist/res-WebResult-vue.19d9032ffa2fe6713821.js]
[www.searchencrypt.com/dist/res-image-result-vue.3ee8a778285214fa55bd.js]
[www.searchencrypt.com/dist/res-news-result-vue.b3039947a10badb300c5.js]
[www.searchencrypt.com/dist/res-search-link-vue.a402818eb8589d2a3a47.js]
[www.searchencrypt.com/dist/res-shopping-result-vue.83ebc8b4116a82db1016.js]
[www.searchencrypt.com/dist/res-video-result-vue.676b35ec04e0cb263af5.js]
[www.searchencrypt.com/dist/fa-solid-900f478.eot]
[www.searchencrypt.com/dist/fa-solid-900eb92.eot]
[www.searchencrypt.com/dist/fa-solid-900cd5f.woff2]
[www.searchencrypt.com/dist/fa-solid-900e7dc.woff]
[www.searchencrypt.com/dist/fa-solid-9004f17.ttf]
[www.searchencrypt.com/dist/fa-brands-400c1db.eot]
[www.searchencrypt.com/dist/fa-solid-900d1d4.svg]
[www.searchencrypt.com/dist/fa-brands-4003cef.eot]
[www.searchencrypt.com/dist/fa-brands-400a5b6.woff2]
[www.searchencrypt.com/dist/fa-brands-400c6db.woff]
[www.searchencrypt.com/dist/fa-brands-4006faa.ttf]
[www.searchencrypt.com/dist/fa-brands-400bc87.svg]
[spapi.searchencrypt.com/Content/branding/searchencrypt/img/main-logo.png]
[www.searchencrypt.com/about/terms-of-service.html]
[www.searchencrypt.com/about/index.html]
[www.searchencrypt.com/about/privacy-policy.html]
[www.searchencrypt.com/about/uninstall.html]
[www.searchencrypt.com/about/contact.html]
[www.searchencrypt.com/home.html]
[www.searchencrypt.com/dist/common.a2b505d48287a2f2cb1f.css]
[www.searchencrypt.com/dist/common.9b4f93d1aae095698e3d.css]
[www.searchencrypt.com/dist/fa-solid-900d1d4.svg]
[www.searchencrypt.com/dist/fa-brands-400bc87.svg]
[www.searchencrypt.com/about.html]
[www.searchencrypt.com/static/img/clicked/why-notification-active-background]
[www.searchencrypt.com/static/img/why/redirected-active-background]
[www.searchencrypt.com/static/img/stop/redirected-active-background]
[www.searchencrypt.com/static/img/accept/redirected-active-background]
[www.searchencrypt.com/static/img/close/redirected-active-background]
[spapi.searchencrypt.com/Content/branding/searchencrypt/img/icon-small.png]
[www.searchencrypt.com/about/index.html]
[www.searchencrypt.com/static/img/clicked/why-notification-active-background]
[www.searchencrypt.com/static/img/why/redirected-active-background]
[www.searchencrypt.com/static/img/stop/redirected-active-background]
[www.searchencrypt.com/static/img/accept/redirected-active-background]
[www.searchencrypt.com/static/img/close/redirected-active-background]
[www.searchencrypt.com/about/terms-of-service.html]
[www.searchencrypt.com/static/img/clicked/why-notification-active-background]
[www.searchencrypt.com/static/img/why/redirected-active-background]
[www.searchencrypt.com/static/img/stop/redirected-active-background]
[www.searchencrypt.com/static/img/accept/redirected-active-background]
[www.searchencrypt.com/static/img/close/redirected-active-background]
[www.searchencrypt.com/about/privacy-policy.html]
[www.searchencrypt.com/static/img/clicked/why-notification-active-background]
[www.searchencrypt.com/static/img/why/redirected-active-background]
[www.searchencrypt.com/static/img/stop/redirected-active-background]
[www.searchencrypt.com/static/img/accept/redirected-active-background]
[www.searchencrypt.com/static/img/close/redirected-active-background]
[www.searchencrypt.com/public/chrome/chrome_logo.png]
[www.searchencrypt.com/public/chrome/chrome-menu.png]
[www.searchencrypt.com/public/firefox/firefox-logo.png]
[www.searchencrypt.com/public/firefox/firefox-uninst-menu.png]
[www.searchencrypt.com/about/uninstall.html]
[www.searchencrypt.com/static/img/clicked/why-notification-active-background]
[www.searchencrypt.com/static/img/why/redirected-active-background]
[www.searchencrypt.com/static/img/stop/redirected-active-background]
[www.searchencrypt.com/static/img/accept/redirected-active-background]
[www.searchencrypt.com/static/img/close/redirected-active-background]
[www.searchencrypt.com/about/href=_mailto_support@searchencrypt.com_]
[www.searchencrypt.com/about/contact.html]
[www.searchencrypt.com/static/img/clicked/why-notification-active-background]
[www.searchencrypt.com/static/img/why/redirected-active-background]
[www.searchencrypt.com/static/img/stop/redirected-active-background]
[www.searchencrypt.com/static/img/accept/redirected-active-background]
[www.searchencrypt.com/static/img/close/redirected-active-background]
[www.searchencrypt.com/about.html]
[www.searchencrypt.com/about/href=_mailto_support@searchencrypt.html]
